
  .   ____          _            __ _ _
 /\\ / ___'_ __ _ _(_)_ __  __ _ \ \ \ \
( ( )\___ | '_ | '_| | '_ \/ _` | \ \ \ \
 \\/  ___)| |_)| | | | | || (_| |  ) ) ) )
  '  |____| .__|_| |_|_| |_\__, | / / / /
 =========|_|==============|___/=/_/_/_/
 :: Spring Boot ::                (v3.2.5)

2026-10-05T14:16:14.935+05:30  INFO 29604 --- [           main] c.l.hotel.HotelBackendApplication        : Starting HotelBackendApplication v0.0.1-SNAPSHOT using Java 21.0.12 with PID 29604 (D:\Hermes_Project\clg_project\backend\target\hotel-backend-0.0.1-SNAPSHOT.jar started by chitr in D:\Hermes_Project\clg_project\backend)
2026-10-05T14:16:14.942+05:30  INFO 29604 --- [           main] c.l.hotel.HotelBackendApplication        : No active profile set, falling back to 1 default profile: "default"
2026-10-05T14:16:16.916+05:30  INFO 29604 --- [           main] .s.d.r.c.RepositoryConfigurationDelegate : Bootstrapping Spring Data JPA repositories in DEFAULT mode.
2026-10-05T14:16:17.107+05:30  INFO 29604 --- [           main] .s.d.r.c.RepositoryConfigurationDelegate : Finished Spring Data repository scanning in 162 ms. Found 6 JPA repository interfaces.
2026-10-05T14:16:18.885+05:30  INFO 29604 --- [           main] o.s.b.w.embedded.tomcat.TomcatWebServer  : Tomcat initialized with port 8080 (http)
2026-10-05T14:16:18.927+05:30  INFO 29604 --- [           main] o.apache.catalina.core.StandardService   : Starting service [Tomcat]
2026-10-05T14:16:18.928+05:30  INFO 29604 --- [           main] o.apache.catalina.core.StandardEngine    : Starting Servlet engine: [Apache Tomcat/10.1.20]
2026-10-05T14:16:18.994+05:30  INFO 29604 --- [           main] o.a.c.c.C.[Tomcat].[localhost].[/]       : Initializing Spring embedded WebApplicationContext
2026-10-05T14:16:18.995+05:30  INFO 29604 --- [           main] w.s.c.ServletWebServerApplicationContext : Root WebApplicationContext: initialization completed in 3916 ms
2026-10-05T14:16:19.478+05:30  INFO 29604 --- [           main] o.hibernate.jpa.internal.util.LogHelper  : HHH000204: Processing PersistenceUnitInfo [name: default]
2026-10-05T14:16:19.694+05:30  INFO 29604 --- [           main] org.hibernate.Version                    : HHH000412: Hibernate ORM core version 6.4.4.Final
2026-10-05T14:16:19.799+05:30  INFO 29604 --- [           main] o.h.c.internal.RegionFactoryInitiator    : HHH000026: Second-level cache disabled
2026-10-05T14:16:20.236+05:30  INFO 29604 --- [           main] o.s.o.j.p.SpringPersistenceUnitInfo      : No LoadTimeWeaver setup: ignoring JPA class transformer
2026-10-05T14:16:20.317+05:30  INFO 29604 --- [           main] com.zaxxer.hikari.HikariDataSource       : HikariPool-1 - Starting...
2026-10-05T14:16:20.641+05:30  INFO 29604 --- [           main] com.zaxxer.hikari.pool.HikariPool        : HikariPool-1 - Added connection com.mysql.cj.jdbc.ConnectionImpl@1b0e031b
2026-10-05T14:16:20.643+05:30  INFO 29604 --- [           main] com.zaxxer.hikari.HikariDataSource       : HikariPool-1 - Start completed.
2026-10-05T14:16:20.734+05:30  WARN 29604 --- [           main] org.hibernate.orm.deprecation            : HHH90000025: MySQLDialect does not need to be specified explicitly using 'hibernate.dialect' (remove the property setting and it will be selected by default)
2026-10-05T14:16:22.630+05:30  INFO 29604 --- [           main] o.h.e.t.j.p.i.JtaPlatformInitiator       : HHH000489: No JTA platform available (set 'hibernate.transaction.jta.platform' to enable JTA platform integration)
2026-10-05T14:16:22.899+05:30  INFO 29604 --- [           main] j.LocalContainerEntityManagerFactoryBean : Initialized JPA EntityManagerFactory for persistence unit 'default'
Startup synced staff -> user: marcus (marcus@luxestay.com)
Startup synced staff -> user: sarah (sarah@luxestay.com)
Startup synced user -> staff: gopinath (gopinath@gmail.com)
2026-10-05T14:16:27.232+05:30  WARN 29604 --- [           main] JpaBaseConfiguration$JpaWebConfiguration : spring.jpa.open-in-view is enabled by default. Therefore, database queries may be performed during view rendering. Explicitly configure spring.jpa.open-in-view to disable this warning
2026-10-05T14:16:29.728+05:30  INFO 29604 --- [           main] o.s.b.w.embedded.tomcat.TomcatWebServer  : Tomcat started on port 8080 (http) with context path ''
2026-10-05T14:16:29.991+05:30  INFO 29604 --- [           main] c.l.hotel.HotelBackendApplication        : Started HotelBackendApplication in 15.86 seconds (process running for 17.073)
2026-10-05T14:17:11.580+05:30  INFO 29604 --- [nio-8080-exec-1] o.a.c.c.C.[Tomcat].[localhost].[/]       : Initializing Spring DispatcherServlet 'dispatcherServlet'
2026-10-05T14:17:11.580+05:30  INFO 29604 --- [nio-8080-exec-1] o.s.web.servlet.DispatcherServlet        : Initializing Servlet 'dispatcherServlet'
2026-10-05T14:17:11.593+05:30  INFO 29604 --- [nio-8080-exec-1] o.s.web.servlet.DispatcherServlet        : Completed initialization in 13 ms
2026-10-05T14:52:32.827+05:30  WARN 29604 --- [l-1 housekeeper] com.zaxxer.hikari.pool.HikariPool        : HikariPool-1 - Thread starvation or clock leap detected (housekeeper delta=2m11s441ms706µs700ns).
2026-10-05T15:04:36.828+05:30  WARN 29604 --- [l-1 housekeeper] com.zaxxer.hikari.pool.HikariPool        : HikariPool-1 - Thread starvation or clock leap detected (housekeeper delta=3m3s661ms383µs500ns).
